<html>
<body>
<pre>
<h1>礦ision Build Log</h1>
<h2>Tool Versions:</h2>
IDE-Version: μVision V5.14.0.0
Copyright (C) 2015 ARM Ltd and ARM Germany GmbH. All rights reserved.
License Information: CHENG MING CHENG MING, CHENG MING, LIC=V852Z-JD9FM-C0WN2-91ZAG-KEDBC-3YHJN
 
Tool Versions:
Toolchain:       MDK-ARM Professional  Version: 5.14.0.0
Toolchain Path:  D:\MDK5\ARM\ARMCC\Bin
C Compiler:      Armcc.exe V5.05 update 1 (build 106)
Assembler:       Armasm.exe V5.05 update 1 (build 106)
Linker/Locator:  ArmLink.exe V5.05 update 1 (build 106)
Library Manager: ArmAr.exe V5.05 update 1 (build 106)
Hex Converter:   FromElf.exe V5.05 update 1 (build 106)
CPU DLL:         SARMCM3.DLL V5.14.0.0
Dialog DLL:      DCM.DLL V1.13.1.0
Target DLL:      Segger\JL2CM3.dll V2.99.13.0
Dialog DLL:      TCM.DLL V1.14.4.0
 
<h2>Project:</h2>
D:\资料文件\STM32\代码模板\USER\Template.uvprojx
Project File Date:  05/28/2016

<h2>Output:</h2>
Build target 'Template'
compiling main.c...
compiling stm32f10x_it.c...
compiling system_stm32f10x.c...
compiling core_cm3.c...
assembling startup_stm32f10x_hd.s...
compiling misc.c...
compiling stm32f10x_adc.c...
compiling stm32f10x_bkp.c...
compiling stm32f10x_can.c...
compiling stm32f10x_cec.c...
compiling stm32f10x_crc.c...
compiling stm32f10x_dac.c...
compiling stm32f10x_dbgmcu.c...
compiling stm32f10x_dma.c...
compiling stm32f10x_exti.c...
compiling stm32f10x_flash.c...
compiling stm32f10x_fsmc.c...
compiling stm32f10x_gpio.c...
compiling stm32f10x_i2c.c...
compiling stm32f10x_iwdg.c...
compiling stm32f10x_pwr.c...
compiling stm32f10x_rcc.c...
compiling stm32f10x_rtc.c...
compiling stm32f10x_sdio.c...
compiling stm32f10x_spi.c...
compiling stm32f10x_tim.c...
compiling stm32f10x_usart.c...
compiling stm32f10x_wwdg.c...
compiling delay.c...
compiling sys.c...
compiling usart.c...
compiling setting.c...
..\HAREWARE\GPIO_setting\setting.c(45): warning:  #1-D: last line of file ends without a newline
   
..\HAREWARE\GPIO_setting\setting.c: 1 warning, 0 errors
compiling adc.c...
compiling dac.c...
compiling lcd.c...
compiling led.c...
compiling key.c...
compiling tsensor.c...
compiling stmflash.c...
compiling gps.c...
compiling usart2.c...
compiling mpu6050.c...
compiling mpuiic.c...
compiling inv_mpu.c...
compiling inv_mpu_dmp_motion_driver.c...
compiling exti.c...
compiling iwdg.c...
compiling pwm.c...
compiling 24l01.c...
compiling spi.c...
compiling timer_int.c...
compiling timer_cap.c...
compiling hc05.c...
..\HAREWARE\HC05\hc05.c(180): warning:  #223-D: function "printf" declared implicitly
                printf("\r\n%s",USART2_RX_BUF);//发送回应数据到串口1
..\HAREWARE\HC05\hc05.c: 1 warning, 0 errors
linking...
Program Size: Code=41316 RO-data=6932 RW-data=80 ZI-data=2248  
FromELF: creating hex file...
"..\OBJ\Template.axf" - 0 Error(s), 2 Warning(s).

<h2>Collection of Component include folders:</h2>
  D:\资料文件\STM32\代码模板\USER\RTE
  D:\MDK5\Keil\STM32F1xx_DFP\1.0.5\Device\Include

<h2>Collection of Component Files used:</h2>
</pre>
</body>
</html>
